---
source: tests/lexer.rs
expression: render(&output.tokens)
---
LParen @ 0..1
RParen @ 2..3
LBracket @ 4..5
RBracket @ 6..7
LBrace @ 8..9
RBrace @ 10..11
Comma @ 12..13
Semicolon @ 14..15
Colon @ 16..17
Dot @ 18..19
DotDot @ 20..22
Ellipsis @ 23..26
At @ 27..28
Dollar @ 29..30
Question @ 31..32
Arrow @ 33..35
Assign @ 36..37
Plus @ 38..39
PlusPlus @ 40..42
Minus @ 43..44
Star @ 45..46
Slash @ 47..48
Percent @ 49..50
Amp @ 51..52
Pipe @ 53..54
Caret @ 55..56
Tilde @ 57..58
Bang @ 59..60
Shl @ 61..63
Shr @ 64..66
EqEq @ 67..69
NotEq @ 70..72
LessEq @ 73..75
GreaterEq @ 76..78
Less @ 79..80
Greater @ 81..82
AndAnd @ 83..85
OrOr @ 86..88
PlusAssign @ 89..91
MinusAssign @ 92..94
StarAssign @ 95..97
SlashAssign @ 98..100
PercentAssign @ 101..103
AmpAssign @ 104..106
PipeAssign @ 107..109
CaretAssign @ 110..112
ShlAssign @ 113..116
ShrAssign @ 117..120
Newline @ 120..121
Eof @ 121..121
