---
source: tests/lexer.rs
expression: render(&output.tokens)
---
LParen @ 0..1
RParen @ 2..3
LBracket @ 4..5
RBracket @ 6..7
LBrace @ 8..9
RBrace @ 10..11
Comma @ 12..13
Semicolon @ 14..15
Colon @ 16..17
Dot @ 18..19
DotDot @ 20..22
Ellipsis @ 23..26
At @ 27..28
Dollar @ 29..30
Question @ 31..32
Arrow @ 33..35
Assign @ 36..37
Plus @ 38..39
Minus @ 40..41
Star @ 42..43
Slash @ 44..45
Percent @ 46..47
Amp @ 48..49
Pipe @ 50..51
Caret @ 52..53
Tilde @ 54..55
Bang @ 56..57
Shl @ 58..60
Shr @ 61..63
EqEq @ 64..66
NotEq @ 67..69
LessEq @ 70..72
GreaterEq @ 73..75
Less @ 76..77
Greater @ 78..79
AndAnd @ 80..82
OrOr @ 83..85
PlusAssign @ 86..88
MinusAssign @ 89..91
StarAssign @ 92..94
SlashAssign @ 95..97
PercentAssign @ 98..100
AmpAssign @ 101..103
PipeAssign @ 104..106
CaretAssign @ 107..109
ShlAssign @ 110..113
ShrAssign @ 114..117
Newline @ 117..118
Eof @ 118..118
