---
source: tests/parser.rs
expression: render(&output.tree)
---
File @ 0..710
  Function @ 0..710
    Keyword(Fn)
    Identifier("exercise")
    Parameters @ 11..47
      LParen
      Parameter @ 12..32
        Identifier("value")
        Colon
        Type @ 19..32
          Identifier("Option")
          TypeArguments @ 25..32
            LBracket
            Type @ 26..31
              Identifier("Point")
            RBracket
      Comma
      Parameter @ 34..46
        Identifier("items")
        Colon
        Type @ 41..46
          LBracket
          Type @ 42..45
            Identifier("i32")
          RBracket
      RParen
    Block @ 47..710
      Colon
      LetStatement @ 53..72
        Keyword(Let)
        Identifier("tuple")
        Assign
        TupleExpression @ 65..71
          LParen
          LiteralExpression @ 66..67
            IntegerLiteral { raw: "1", radix: 10, suffix: None }
          Comma
          LiteralExpression @ 69..70
            IntegerLiteral { raw: "2", radix: 10, suffix: None }
          RParen
      LetStatement @ 76..103
        Keyword(Var)
        Identifier("values")
        Assign
        MacroExpression @ 89..102
          At
          Identifier("vec")
          LBracket
          LiteralExpression @ 94..95
            IntegerLiteral { raw: "1", radix: 10, suffix: None }
          Comma
          LiteralExpression @ 97..98
            IntegerLiteral { raw: "2", radix: 10, suffix: None }
          Comma
          LiteralExpression @ 100..101
            IntegerLiteral { raw: "3", radix: 10, suffix: None }
          RBracket
      AssignmentStatement @ 107..131
        BracketExpression @ 107..116
          NameExpression @ 107..113
            Identifier("values")
          LBracket
          LiteralExpression @ 114..115
            IntegerLiteral { raw: "0", radix: 10, suffix: None }
          RBracket
        PlusAssign
        BinaryExpression @ 120..130
          UnaryExpression @ 120..122
            Minus
            LiteralExpression @ 121..122
              IntegerLiteral { raw: "1", radix: 10, suffix: None }
          Plus
          BinaryExpression @ 125..130
            LiteralExpression @ 125..126
              IntegerLiteral { raw: "2", radix: 10, suffix: None }
            Star
            LiteralExpression @ 129..130
              IntegerLiteral { raw: "3", radix: 10, suffix: None }
      DeferStatement @ 135..156
        Keyword(Defer)
        CallExpression @ 141..155
          MemberExpression @ 141..153
            NameExpression @ 141..147
              Identifier("values")
            Dot
            Identifier("clear")
          LParen
          RParen
      DeferStatement @ 160..218
        Keyword(Defer)
        Block @ 165..218
          Colon
          LetStatement @ 175..191
            Keyword(Let)
            Identifier("pending")
            Assign
            LiteralExpression @ 189..190
              IntegerLiteral { raw: "1", radix: 10, suffix: None }
          ExpressionStatement @ 199..214
            CallExpression @ 199..213
              MemberExpression @ 199..211
                NameExpression @ 199..205
                  Identifier("values")
                Dot
                Identifier("clear")
              LParen
              RParen
      IfStatement @ 218..334
        Keyword(If)
        BinaryExpression @ 221..251
          BinaryExpression @ 221..234
            NameExpression @ 221..226
              Identifier("value")
            NotEq
            LiteralExpression @ 230..234
              Keyword(Null)
          AndAnd
          BinaryExpression @ 238..251
            BracketExpression @ 238..247
              NameExpression @ 238..244
                Identifier("values")
              LBracket
              LiteralExpression @ 245..246
                IntegerLiteral { raw: "0", radix: 10, suffix: None }
              RBracket
            Greater
            LiteralExpression @ 250..251
              IntegerLiteral { raw: "0", radix: 10, suffix: None }
        Block @ 251..270
          Colon
          PassStatement @ 261..266
            Keyword(Pass)
        ElseClause @ 270..334
          Keyword(Else)
          Block @ 274..334
            Colon
            UnsafeBlock @ 284..334
              Keyword(Unsafe)
              Block @ 290..334
                Colon
                AssignmentStatement @ 304..330
                  BracketExpression @ 304..313
                    NameExpression @ 304..310
                      Identifier("values")
                    LBracket
                    LiteralExpression @ 311..312
                      IntegerLiteral { raw: "0", radix: 10, suffix: None }
                    RBracket
                  Assign
                  UnaryExpression @ 316..329
                    Star
                    ParenthesizedExpression @ 317..329
                      LParen
                      UnaryExpression @ 318..328
                        Amp
                        BracketExpression @ 319..328
                          NameExpression @ 319..325
                            Identifier("values")
                          LBracket
                          LiteralExpression @ 326..327
                            IntegerLiteral { raw: "0", radix: 10, suffix: None }
                          RBracket
                      RParen
      MatchStatement @ 334..515
        Keyword(Match)
        NameExpression @ 340..345
          Identifier("value")
        Block @ 345..515
          Colon
          MatchArm @ 355..441
            Pattern @ 355..389
              VariantPattern @ 355..389
                Identifier("Option")
                Dot
                Identifier("Some")
                LParen
                Pattern @ 367..388
                  RecordPattern @ 367..388
                    Identifier("Point")
                    LBrace
                    PatternField @ 375..376
                      Identifier("x")
                    Comma
                    PatternField @ 378..382
                      Identifier("y")
                      Colon
                      Pattern @ 381..382
                        Pattern @ 381..382
                          IntegerLiteral { raw: "0", radix: 10, suffix: None }
                    Comma
                    PatternField @ 384..386
                      DotDot
                    RBrace
                RParen
            Guard @ 390..398
              Keyword(If)
              BinaryExpression @ 393..398
                NameExpression @ 393..394
                  Identifier("x")
                Greater
                LiteralExpression @ 397..398
                  IntegerLiteral { raw: "0", radix: 10, suffix: None }
            Block @ 398..441
              Colon
              ReturnStatement @ 412..433
                Keyword(Return)
                TryExpression @ 419..432
                  CallExpression @ 419..431
                    MemberExpression @ 419..428
                      NameExpression @ 419..425
                        Identifier("Result")
                      Dot
                      Identifier("Ok")
                    LParen
                    NameExpression @ 429..430
                      Identifier("x")
                    RParen
                  Question
          MatchArm @ 441..490
            AlternativePattern @ 441..459
              Pattern @ 441..452
                Identifier("Option")
                Dot
                Identifier("None")
              Pipe
              Pattern @ 455..459
                Keyword(Null)
            Block @ 459..490
              Colon
              ContinueStatement @ 473..482
                Keyword(Continue)
          MatchArm @ 490..515
            Pattern @ 490..491
              Pattern @ 490..491
                Identifier("_")
            Block @ 491..515
              Colon
              BreakStatement @ 505..511
                Keyword(Break)
      ForStatement @ 515..573
        Keyword(For)
        Identifier("item")
        Keyword(In)
        NameExpression @ 527..532
          Identifier("items")
        Block @ 532..573
          Colon
          ExpressionStatement @ 542..569
            CallExpression @ 542..568
              MemberExpression @ 542..555
                NameExpression @ 542..548
                  Identifier("values")
                Dot
                Identifier("append")
              LParen
              CastExpression @ 556..567
                NameExpression @ 556..560
                  Identifier("item")
                Keyword(As)
                Type @ 564..567
                  Identifier("i64")
              RParen
      WhileStatement @ 573..603
        Keyword(While)
        LiteralExpression @ 579..584
          Keyword(False)
        Block @ 584..603
          Colon
          PassStatement @ 594..599
            Keyword(Pass)
      LetStatement @ 603..625
        Keyword(Let)
        Identifier("array")
        Assign
        ArrayExpression @ 615..624
          LBracket
          LiteralExpression @ 616..617
            IntegerLiteral { raw: "1", radix: 10, suffix: None }
          Comma
          LiteralExpression @ 619..620
            IntegerLiteral { raw: "2", radix: 10, suffix: None }
          Comma
          LiteralExpression @ 622..623
            IntegerLiteral { raw: "3", radix: 10, suffix: None }
          RBracket
      LetStatement @ 629..654
        Keyword(Let)
        Identifier("map")
        Assign
        MacroExpression @ 639..653
          At
          Identifier("map")
          LBrace
          LiteralExpression @ 644..649
            StringLiteral("one")
          Colon
          LiteralExpression @ 651..652
            IntegerLiteral { raw: "1", radix: 10, suffix: None }
          RBrace
      LetStatement @ 658..680
        Keyword(Let)
        Identifier("set")
        Assign
        MacroExpression @ 668..679
          At
          Identifier("set")
          LBrace
          LiteralExpression @ 673..678
            StringLiteral("one")
          RBrace
      ExpressionStatement @ 684..710
        CallExpression @ 684..709
          NameExpression @ 684..691
            Identifier("println")
          LParen
          FormattedStringExpression @ 692..706
            FormattedString([FormattedSegment { kind: Text("value "), span: Span { file: FileId(0), start: 694, end: 700 } }, FormattedSegment { kind: Expression { source: "tuple", tokens: [Token { kind: Identifier("tuple"), span: Span { file: FileId(0), start: 701, end: 706 } }] }, span: Span { file: FileId(0), start: 701, end: 706 } }])
            NameExpression @ 701..706
              Identifier("tuple")
          RParen
