---
source: tests/parser.rs
expression: render(&output.tree)
---
File @ 0..674
  Module @ 0..73
    Documentation @ 0..18
      DocComment("Public facade")
    Keyword(Pub)
    Keyword(Mod)
    Identifier("facade")
    Block @ 32..73
      Colon
      Use @ 38..72
        Keyword(Pub)
        Keyword(Use)
        Keyword(Root)
        Dot
        Identifier("inner")
        Dot
        Identifier("Value")
        Keyword(As)
        Identifier("Value")
  TypeAlias @ 73..159
    Keyword(Pub)
    Keyword(Type)
    Identifier("Callback")
    GenericParameters @ 90..109
      LBracket
      GenericParameter @ 91..108
        Identifier("T")
        Colon
        Type @ 94..101
          Identifier("Display")
        Plus
        Type @ 104..108
          Identifier("Hash")
      RBracket
    Assign
    Type @ 112..158
      Amp
      Keyword(Unsafe)
      Type @ 120..158
        Keyword(Fn)
        LParen
        Type @ 123..125
          Amp
          Type @ 124..125
            Identifier("T")
        Comma
        Ellipsis
        Type @ 130..136
          Identifier("String")
        RParen
        Arrow
        Type @ 141..158
          Identifier("Result")
          TypeArguments @ 147..158
            LBracket
            Type @ 148..150
              LParen
              RParen
            Comma
            Type @ 152..157
              Identifier("Error")
            RBracket
  Struct @ 160..237
    Keyword(Pub)
    Keyword(Struct)
    Identifier("Pair")
    GenericParameters @ 175..178
      LBracket
      GenericParameter @ 176..177
        Identifier("T")
      RBracket
    DeriveList @ 178..198
      LParen
      Identifier("Default")
      Comma
      Identifier("PartialEq")
      RParen
    Block @ 198..237
      Colon
      Field @ 204..216
        Keyword(Pub)
        Identifier("left")
        Colon
        Type @ 214..215
          Identifier("T")
      Field @ 220..236
        Identifier("right")
        Colon
        Type @ 227..235
          LBracket
          Type @ 228..230
            Identifier("u8")
          Semicolon
          LiteralExpression @ 232..234
            IntegerLiteral { raw: "16", radix: 10, suffix: None }
          RBracket
  Enum @ 237..311
    Keyword(Pub)
    Keyword(Enum)
    Identifier("Message")
    Block @ 253..311
      Colon
      EnumVariant @ 259..264
        Identifier("Quit")
      EnumVariant @ 268..283
        Identifier("Move")
        LParen
        Type @ 273..276
          Identifier("i32")
        Comma
        Type @ 278..281
          Identifier("i32")
        RParen
      EnumVariant @ 287..310
        Identifier("Write")
        LBrace
        Field @ 295..307
          Identifier("text")
          Colon
          Type @ 301..307
            Identifier("String")
        RBrace
  Trait @ 311..370
    Keyword(Trait)
    Identifier("Show")
    GenericParameters @ 321..324
      LBracket
      GenericParameter @ 322..323
        Identifier("T")
      RBracket
    Block @ 324..370
      Colon
      Function @ 330..369
        Keyword(Fn)
        Identifier("show")
        Parameters @ 337..361
          LParen
          Parameter @ 338..349
            Keyword(SelfValue)
            Colon
            Type @ 344..349
              Amp
              Type @ 345..349
                Keyword(SelfType)
          Comma
          Parameter @ 351..360
            Identifier("value")
            Colon
            Type @ 358..360
              Amp
              Type @ 359..360
                Identifier("T")
          RParen
        Arrow
        Type @ 365..368
          Identifier("str")
  Impl @ 370..472
    Keyword(Impl)
    GenericParameters @ 374..383
      LBracket
      GenericParameter @ 375..382
        Identifier("T")
        Colon
        Type @ 378..382
          Identifier("Show")
      RBracket
    Type @ 384..391
      Identifier("Show")
      TypeArguments @ 388..391
        LBracket
        Type @ 389..390
          Identifier("T")
        RBracket
    Keyword(For)
    Type @ 396..403
      Identifier("Pair")
      TypeArguments @ 400..403
        LBracket
        Type @ 401..402
          Identifier("T")
        RBracket
    Block @ 403..472
      Colon
      Function @ 409..472
        Keyword(Fn)
        Identifier("show")
        Parameters @ 416..440
          LParen
          Parameter @ 417..428
            Keyword(SelfValue)
            Colon
            Type @ 423..428
              Amp
              Type @ 424..428
                Keyword(SelfType)
          Comma
          Parameter @ 430..439
            Identifier("value")
            Colon
            Type @ 437..439
              Amp
              Type @ 438..439
                Identifier("T")
          RParen
        Arrow
        Type @ 444..447
          Identifier("str")
        Block @ 447..472
          Colon
          ReturnStatement @ 457..471
            Keyword(Return)
            LiteralExpression @ 464..470
              StringLiteral("pair")
  ForeignType @ 472..524
    Attribute @ 472..511
      At
      Identifier("importc")
      LParen
      StringLiteral("native_handle_t")
      Comma
      StringLiteral("native.h")
      RParen
    Keyword(Type)
    Identifier("Handle")
  Struct @ 525..595
    Attribute @ 525..556
      At
      Identifier("importc")
      LParen
      StringLiteral("point_t")
      Comma
      StringLiteral("native.h")
      RParen
    Keyword(Struct)
    Identifier("CPoint")
    Block @ 570..595
      Colon
      Field @ 576..583
        Identifier("x")
        Colon
        Type @ 579..582
          Identifier("f64")
      Field @ 587..594
        Identifier("y")
        Colon
        Type @ 590..593
          Identifier("f64")
  Function @ 595..674
    Attribute @ 595..623
      At
      Identifier("importc")
      LParen
      StringLiteral("open")
      Comma
      StringLiteral("native.h")
      RParen
    Keyword(Fn)
    Identifier("open")
    Parameters @ 631..658
      LParen
      Parameter @ 632..657
        Identifier("callback")
        Colon
        Type @ 642..657
          Star
          Type @ 643..657
            Keyword(Fn)
            LParen
            Type @ 646..649
              Star
              Type @ 647..649
                Identifier("u8")
            RParen
            Arrow
            Type @ 654..657
              Identifier("i32")
      RParen
    Arrow
    Type @ 662..673
      Star
      Keyword(Var)
      Type @ 667..673
        Identifier("Handle")
