---
source: tests/parser.rs
expression: render(&output.tree)
---
File @ 0..624
  Module @ 0..76
    Documentation @ 0..18
      DocComment("Public facade")
    Keyword(Pub)
    Keyword(Mod)
    Identifier("facade")
    Block @ 32..76
      Colon
      Import @ 38..75
        Keyword(Pub)
        Keyword(Import)
        Keyword(Root)
        Dot
        Identifier("inner")
        Dot
        Identifier("Value")
        Keyword(As)
        Identifier("Value")
  TypeAlias @ 76..162
    Keyword(Pub)
    Keyword(Type)
    Identifier("Callback")
    GenericParameters @ 93..112
      LBracket
      GenericParameter @ 94..111
        Identifier("T")
        Colon
        Type @ 97..104
          Identifier("Display")
        Plus
        Type @ 107..111
          Identifier("Hash")
      RBracket
    Assign
    Type @ 115..161
      Amp
      Keyword(Unsafe)
      Type @ 123..161
        Keyword(Fn)
        LParen
        Type @ 126..128
          Amp
          Type @ 127..128
            Identifier("T")
        Comma
        Ellipsis
        Type @ 133..139
          Identifier("String")
        RParen
        Arrow
        Type @ 144..161
          Identifier("Result")
          TypeArguments @ 150..161
            LBracket
            Type @ 151..153
              LParen
              RParen
            Comma
            Type @ 155..160
              Identifier("Error")
            RBracket
  Struct @ 163..240
    Keyword(Pub)
    Keyword(Struct)
    Identifier("Pair")
    GenericParameters @ 178..181
      LBracket
      GenericParameter @ 179..180
        Identifier("T")
      RBracket
    DeriveList @ 181..201
      LParen
      Identifier("Default")
      Comma
      Identifier("PartialEq")
      RParen
    Block @ 201..240
      Colon
      Field @ 207..219
        Keyword(Pub)
        Identifier("left")
        Colon
        Type @ 217..218
          Identifier("T")
      Field @ 223..239
        Identifier("right")
        Colon
        Type @ 230..238
          LBracket
          Type @ 231..233
            Identifier("u8")
          Semicolon
          LiteralExpression @ 235..237
            IntegerLiteral { raw: "16", radix: 10, suffix: None }
          RBracket
  Enum @ 240..314
    Keyword(Pub)
    Keyword(Enum)
    Identifier("Message")
    Block @ 256..314
      Colon
      EnumVariant @ 262..267
        Identifier("Quit")
      EnumVariant @ 271..286
        Identifier("Move")
        LParen
        Type @ 276..279
          Identifier("i32")
        Comma
        Type @ 281..284
          Identifier("i32")
        RParen
      EnumVariant @ 290..313
        Identifier("Write")
        LBrace
        Field @ 298..310
          Identifier("text")
          Colon
          Type @ 304..310
            Identifier("String")
        RBrace
  Trait @ 314..377
    Keyword(Trait)
    Identifier("Show")
    GenericParameters @ 324..327
      LBracket
      GenericParameter @ 325..326
        Identifier("T")
      RBracket
    Block @ 327..377
      Colon
      Function @ 333..376
        Keyword(Fn)
        Identifier("show")
        Parameters @ 340..368
          LParen
          Parameter @ 341..352
            Keyword(SelfValue)
            Colon
            Type @ 347..352
              Amp
              Type @ 348..352
                Keyword(SelfType)
          Comma
          Parameter @ 354..367
            Identifier("value")
            Colon
            Type @ 361..367
              Amp
              Type @ 362..367
                Keyword(Dyn)
                Identifier("T")
          RParen
        Arrow
        Type @ 372..375
          Identifier("str")
  Impl @ 377..483
    Keyword(Impl)
    GenericParameters @ 381..390
      LBracket
      GenericParameter @ 382..389
        Identifier("T")
        Colon
        Type @ 385..389
          Identifier("Show")
      RBracket
    Type @ 391..398
      Identifier("Show")
      TypeArguments @ 395..398
        LBracket
        Type @ 396..397
          Identifier("T")
        RBracket
    Keyword(For)
    Type @ 403..410
      Identifier("Pair")
      TypeArguments @ 407..410
        LBracket
        Type @ 408..409
          Identifier("T")
        RBracket
    Block @ 410..483
      Colon
      Function @ 416..483
        Keyword(Fn)
        Identifier("show")
        Parameters @ 423..451
          LParen
          Parameter @ 424..435
            Keyword(SelfValue)
            Colon
            Type @ 430..435
              Amp
              Type @ 431..435
                Keyword(SelfType)
          Comma
          Parameter @ 437..450
            Identifier("value")
            Colon
            Type @ 444..450
              Amp
              Type @ 445..450
                Keyword(Dyn)
                Identifier("T")
          RParen
        Arrow
        Type @ 455..458
          Identifier("str")
        Block @ 458..483
          Colon
          ReturnStatement @ 468..482
            Keyword(Return)
            LiteralExpression @ 475..481
              StringLiteral("pair")
  ExternBlock @ 483..624
    Keyword(Extern)
    StringLiteral("C")
    Block @ 493..624
      Colon
      ForeignType @ 499..511
        Keyword(Type)
        Identifier("Handle")
      Struct @ 515..564
        Keyword(Struct)
        Identifier("CPoint")
        Block @ 528..564
          Colon
          Field @ 538..545
            Identifier("x")
            Colon
            Type @ 541..544
              Identifier("f64")
          Field @ 553..560
            Identifier("y")
            Colon
            Type @ 556..559
              Identifier("f64")
      Function @ 564..624
        Keyword(Fn)
        Identifier("open")
        Parameters @ 571..608
          LParen
          Parameter @ 572..607
            Identifier("callback")
            Colon
            Type @ 582..607
              Keyword(Extern)
              StringLiteral("C")
              Keyword(Fn)
              LParen
              Type @ 596..599
                Star
                Type @ 597..599
                  Identifier("u8")
              RParen
              Arrow
              Type @ 604..607
                Identifier("i32")
          RParen
        Arrow
        Type @ 612..623
          Star
          Keyword(Var)
          Type @ 617..623
            Identifier("Handle")
