---
source: tests/parser.rs
expression: render(&output.tree)
---
File @ 0..616
  Module @ 0..76
    Documentation @ 0..18
      DocComment("Public facade")
    Keyword(Pub)
    Keyword(Mod)
    Identifier("facade")
    Block @ 32..76
      Colon
      Import @ 38..75
        Keyword(Pub)
        Keyword(Import)
        Keyword(Root)
        Dot
        Identifier("inner")
        Dot
        Identifier("Value")
        Keyword(As)
        Identifier("Value")
  TypeAlias @ 76..162
    Keyword(Pub)
    Keyword(Type)
    Identifier("Callback")
    GenericParameters @ 93..112
      LBracket
      GenericParameter @ 94..111
        Identifier("T")
        Colon
        Type @ 97..104
          Identifier("Display")
        Plus
        Type @ 107..111
          Identifier("Hash")
      RBracket
    Assign
    Type @ 115..161
      Amp
      Keyword(Unsafe)
      Type @ 123..161
        Keyword(Fn)
        LParen
        Type @ 126..128
          Amp
          Type @ 127..128
            Identifier("T")
        Comma
        Ellipsis
        Type @ 133..139
          Identifier("String")
        RParen
        Arrow
        Type @ 144..161
          Identifier("Result")
          TypeArguments @ 150..161
            LBracket
            Type @ 151..153
              LParen
              RParen
            Comma
            Type @ 155..160
              Identifier("Error")
            RBracket
  Struct @ 163..240
    Keyword(Pub)
    Keyword(Struct)
    Identifier("Pair")
    GenericParameters @ 178..181
      LBracket
      GenericParameter @ 179..180
        Identifier("T")
      RBracket
    DeriveList @ 181..201
      LParen
      Identifier("Default")
      Comma
      Identifier("PartialEq")
      RParen
    Block @ 201..240
      Colon
      Field @ 207..219
        Keyword(Pub)
        Identifier("left")
        Colon
        Type @ 217..218
          Identifier("T")
      Field @ 223..239
        Identifier("right")
        Colon
        Type @ 230..238
          LBracket
          Type @ 231..233
            Identifier("u8")
          Semicolon
          LiteralExpression @ 235..237
            IntegerLiteral { raw: "16", radix: 10, suffix: None }
          RBracket
  Enum @ 240..314
    Keyword(Pub)
    Keyword(Enum)
    Identifier("Message")
    Block @ 256..314
      Colon
      EnumVariant @ 262..267
        Identifier("Quit")
      EnumVariant @ 271..286
        Identifier("Move")
        LParen
        Type @ 276..279
          Identifier("i32")
        Comma
        Type @ 281..284
          Identifier("i32")
        RParen
      EnumVariant @ 290..313
        Identifier("Write")
        LBrace
        Field @ 298..310
          Identifier("text")
          Colon
          Type @ 304..310
            Identifier("String")
        RBrace
  Trait @ 314..373
    Keyword(Trait)
    Identifier("Show")
    GenericParameters @ 324..327
      LBracket
      GenericParameter @ 325..326
        Identifier("T")
      RBracket
    Block @ 327..373
      Colon
      Function @ 333..372
        Keyword(Fn)
        Identifier("show")
        Parameters @ 340..364
          LParen
          Parameter @ 341..352
            Keyword(SelfValue)
            Colon
            Type @ 347..352
              Amp
              Type @ 348..352
                Keyword(SelfType)
          Comma
          Parameter @ 354..363
            Identifier("value")
            Colon
            Type @ 361..363
              Amp
              Type @ 362..363
                Identifier("T")
          RParen
        Arrow
        Type @ 368..371
          Identifier("str")
  Impl @ 373..475
    Keyword(Impl)
    GenericParameters @ 377..386
      LBracket
      GenericParameter @ 378..385
        Identifier("T")
        Colon
        Type @ 381..385
          Identifier("Show")
      RBracket
    Type @ 387..394
      Identifier("Show")
      TypeArguments @ 391..394
        LBracket
        Type @ 392..393
          Identifier("T")
        RBracket
    Keyword(For)
    Type @ 399..406
      Identifier("Pair")
      TypeArguments @ 403..406
        LBracket
        Type @ 404..405
          Identifier("T")
        RBracket
    Block @ 406..475
      Colon
      Function @ 412..475
        Keyword(Fn)
        Identifier("show")
        Parameters @ 419..443
          LParen
          Parameter @ 420..431
            Keyword(SelfValue)
            Colon
            Type @ 426..431
              Amp
              Type @ 427..431
                Keyword(SelfType)
          Comma
          Parameter @ 433..442
            Identifier("value")
            Colon
            Type @ 440..442
              Amp
              Type @ 441..442
                Identifier("T")
          RParen
        Arrow
        Type @ 447..450
          Identifier("str")
        Block @ 450..475
          Colon
          ReturnStatement @ 460..474
            Keyword(Return)
            LiteralExpression @ 467..473
              StringLiteral("pair")
  ExternBlock @ 475..616
    Keyword(Extern)
    StringLiteral("C")
    Block @ 485..616
      Colon
      ForeignType @ 491..503
        Keyword(Type)
        Identifier("Handle")
      Struct @ 507..556
        Keyword(Struct)
        Identifier("CPoint")
        Block @ 520..556
          Colon
          Field @ 530..537
            Identifier("x")
            Colon
            Type @ 533..536
              Identifier("f64")
          Field @ 545..552
            Identifier("y")
            Colon
            Type @ 548..551
              Identifier("f64")
      Function @ 556..616
        Keyword(Fn)
        Identifier("open")
        Parameters @ 563..600
          LParen
          Parameter @ 564..599
            Identifier("callback")
            Colon
            Type @ 574..599
              Keyword(Extern)
              StringLiteral("C")
              Keyword(Fn)
              LParen
              Type @ 588..591
                Star
                Type @ 589..591
                  Identifier("u8")
              RParen
              Arrow
              Type @ 596..599
                Identifier("i32")
          RParen
        Arrow
        Type @ 604..615
          Star
          Keyword(Var)
          Type @ 609..615
            Identifier("Handle")
